Forge Auto Renaming Tool v2.0.4
lib: C:\Users\Dad\.gradle\caches\8.11\transforms\5380ce64afffee481b9b33062990a6e5\transformed\ftb-chunks-forge-2001.3.8.jar
lib: C:\Users\Dad\.gradle\caches\8.11\transforms\11db8d18d2ac6ff5aab06279988a6b53\transformed\architectury-forge-9.2.14.jar
lib: D:\Dropbox\Vault\code\minecraft\intellijprojects\SomeBuckets\forge\build\moddev\artifacts\forge-1.20.1-47.4.0.jar
lib: C:\Users\Dad\.gradle\caches\modules-2\files-2.1\cpw.mods\securejarhandler\2.1.10\51e6a22c6c716beb11e244bf5b8be480f51dd6b5\securejarhandler-2.1.10.jar
lib: C:\Users\Dad\.gradle\caches\modules-2\files-2.1\net.minecraftforge\fmlloader\1.20.1-47.4.0\350292a3c597f65d130e48b6e419a2b21cba2ac1\fmlloader-1.20.1-47.4.0.jar
lib: C:\Users\Dad\.gradle\caches\modules-2\files-2.1\net.minecraftforge\coremods\5.2.4\e30bab269d896613e38396274711410b3a0e4b87\coremods-5.2.4.jar
lib: C:\Users\Dad\.gradle\caches\modules-2\files-2.1\cpw.mods\modlauncher\10.0.9\6d9443f56f50bb85cea383686ff9c867391458b\modlauncher-10.0.9.jar
lib: C:\Users\Dad\.gradle\caches\modules-2\files-2.1\org.openjdk.nashorn\nashorn-core\15.4\f67f5ffaa5f5130cf6fb9b133da00c7df3b532a5\nashorn-core-15.4.jar
lib: C:\Users\Dad\.gradle\caches\modules-2\files-2.1\org.ow2.asm\asm-commons\9.7.1\406c6a2225cfe1819f102a161e54cc16a5c24f75\asm-commons-9.7.1.jar
lib: C:\Users\Dad\.gradle\caches\modules-2\files-2.1\org.ow2.asm\asm-util\9.7.1\9e23359b598ec6b74b23e53110dd5c577adf2243\asm-util-9.7.1.jar
lib: C:\Users\Dad\.gradle\caches\modules-2\files-2.1\org.ow2.asm\asm-analysis\9.7.1\f97a3b319f0ed6a8cd944dc79060d3912a28985f\asm-analysis-9.7.1.jar
lib: C:\Users\Dad\.gradle\caches\modules-2\files-2.1\org.ow2.asm\asm-tree\9.7.1\3a53139787663b139de76b627fca0084ab60d32c\asm-tree-9.7.1.jar
lib: C:\Users\Dad\.gradle\caches\modules-2\files-2.1\org.ow2.asm\asm\9.7.1\f0ed132a49244b042cd0e15702ab9f2ce3cc8436\asm-9.7.1.jar
lib: C:\Users\Dad\.gradle\caches\modules-2\files-2.1\net.minecraftforge\accesstransformers\8.0.4\272d240aa73f42195b2a68e2ebd8b701ecf41f63\accesstransformers-8.0.4.jar
lib: C:\Users\Dad\.gradle\caches\modules-2\files-2.1\org.antlr\antlr4\4.9.1\e92af8ab33e428461927b484e90bb155a4f3a052\antlr4-4.9.1.jar
lib: C:\Users\Dad\.gradle\caches\modules-2\files-2.1\org.antlr\antlr4-runtime\4.9.1\428664f05d2b7f7b7610204b5aa7c1763f62011a\antlr4-runtime-4.9.1.jar
lib: C:\Users\Dad\.gradle\caches\modules-2\files-2.1\net.minecraftforge\fmlcore\1.20.1-47.4.0\235975dafa4309945b59c56b53f31dc5b65a6051\fmlcore-1.20.1-47.4.0.jar
lib: C:\Users\Dad\.gradle\caches\modules-2\files-2.1\net.minecraftforge\eventbus\6.0.5\699143dd438431d06b57416944f7cedbe52e1475\eventbus-6.0.5.jar
lib: C:\Users\Dad\.gradle\caches\modules-2\files-2.1\net.minecraftforge\forgespi\7.0.1\3b4972a0cdb135853dba219be61a79b22cff1309\forgespi-7.0.1.jar
lib: C:\Users\Dad\.gradle\caches\modules-2\files-2.1\net.minecraftforge\unsafe\0.2.0\54d7a0a5e8fdb71b973025caa46f341ae5904f39\unsafe-0.2.0.jar
lib: C:\Users\Dad\.gradle\caches\modules-2\files-2.1\net.minecraftforge\mergetool\1.1.5\e31dad26696043b540681aabc93e2001a1a2cd44\mergetool-1.1.5.jar
lib: C:\Users\Dad\.gradle\caches\modules-2\files-2.1\net.minecraftforge\mergetool\1.1.5\f3da18e12c696d35a47c82cbb2cc8b5aa15e1154\mergetool-1.1.5-api.jar
lib: C:\Users\Dad\.gradle\caches\modules-2\files-2.1\com.electronwill.night-config\toml\3.6.4\51d6cefb2b55ee55ee26b16391212fb2c7dfb4f4\toml-3.6.4.jar
lib: C:\Users\Dad\.gradle\caches\modules-2\files-2.1\com.electronwill.night-config\core\3.6.4\510f174abbf1c947494db50ef2445683bd52c230\core-3.6.4.jar
lib: C:\Users\Dad\.gradle\caches\modules-2\files-2.1\net.minecraftforge\JarJarSelector\0.3.19\376cc9c8ea60720cf027c01fc033de915699801c\JarJarSelector-0.3.19.jar
lib: C:\Users\Dad\.gradle\caches\modules-2\files-2.1\net.minecraftforge\JarJarMetadata\0.3.19\83feaa9b770e6ac0e96ee4fc23fa89325c5fe2\JarJarMetadata-0.3.19.jar
lib: C:\Users\Dad\.gradle\caches\modules-2\files-2.1\org.apache.maven\maven-artifact\3.8.5\4433f50c07debefaed0553bd0068f4f48d449313\maven-artifact-3.8.5.jar
lib: C:\Users\Dad\.gradle\caches\modules-2\files-2.1\net.jodah\typetools\0.6.3\a01aaa6ddaea9ec07ec4f209487b7a46a526283a\typetools-0.6.3.jar
lib: C:\Users\Dad\.gradle\caches\modules-2\files-2.1\net.minecrell\terminalconsoleappender\1.2.0\96d02cd3b384ff015a8fef4223bcb4ccf1717c95\terminalconsoleappender-1.2.0.jar
lib: C:\Users\Dad\.gradle\caches\modules-2\files-2.1\org.jline\jline-reader\3.12.1\4382ab1382c7b6f379377ed5f665dc2f6e1218bc\jline-reader-3.12.1.jar
lib: C:\Users\Dad\.gradle\caches\modules-2\files-2.1\org.jline\jline-terminal\3.12.1\c777448314e050d980a6b697c140f3bfe9eb7416\jline-terminal-3.12.1.jar
lib: C:\Users\Dad\.gradle\caches\modules-2\files-2.1\org.spongepowered\mixin\0.8.5\9d1c0c3a304ae6697ecd477218fa61b850bf57fc\mixin-0.8.5.jar
lib: C:\Users\Dad\.gradle\caches\modules-2\files-2.1\cpw.mods\bootstraplauncher\1.1.2\c546e00443d8432cda6baa1c860346980742628\bootstraplauncher-1.1.2.jar
lib: C:\Users\Dad\.gradle\caches\modules-2\files-2.1\net.minecraftforge\JarJarFileSystems\0.3.19\2464eb7d6b9ddb9db36a82cf8a95193e5c6fe020\JarJarFileSystems-0.3.19.jar
lib: C:\Users\Dad\.gradle\caches\modules-2\files-2.1\net.minecraftforge\fmlearlydisplay\1.20.1-47.4.0\5a0c2d1a65a422bd0e64548e58b70f4d011ef788\fmlearlydisplay-1.20.1-47.4.0.jar
lib: C:\Users\Dad\.gradle\caches\modules-2\files-2.1\net.minecraftforge\javafmllanguage\1.20.1-47.4.0\f0c0b352173d0a378cbdcec9cfc4ba65899a721\javafmllanguage-1.20.1-47.4.0.jar
lib: C:\Users\Dad\.gradle\caches\modules-2\files-2.1\net.minecraftforge\lowcodelanguage\1.20.1-47.4.0\e862740d8c84d08dbfedea412bef88fe42e727c5\lowcodelanguage-1.20.1-47.4.0.jar
lib: C:\Users\Dad\.gradle\caches\modules-2\files-2.1\net.minecraftforge\mclanguage\1.20.1-47.4.0\5719b3a297a33f877ed5dde4cb4bd75c859096af\mclanguage-1.20.1-47.4.0.jar
lib: C:\Users\Dad\.gradle\caches\modules-2\resources-2.1\38\c7d29380ddb38becad7c0819b5b325e43bca23f0\mcp_config-1.20.1.zip
lib: C:\Users\Dad\.gradle\caches\modules-2\files-2.1\org.codehaus.plexus\plexus-utils\3.3.0\cf43b5391de623b36fe066a21127baef82c64022\plexus-utils-3.3.0.jar
lib: C:\Users\Dad\.gradle\caches\modules-2\files-2.1\org.apache.commons\commons-lang3\3.12.0\c6842c86792ff03b9f1d1fe2aab8dc23aa6c6f0e\commons-lang3-3.12.0.jar
lib: C:\Users\Dad\.gradle\caches\modules-2\files-2.1\org.apache.logging.log4j\log4j-core\2.8.1\4ac28ff2f1ddf05dae3043a190451e8c46b73c31\log4j-core-2.8.1.jar
lib: C:\Users\Dad\.gradle\caches\modules-2\files-2.1\com.google.code.gson\gson\2.10\dd9b193aef96e973d5a11ab13cd17430c2e4306b\gson-2.10.jar
lib: C:\Users\Dad\.gradle\caches\modules-2\files-2.1\com.google.guava\guava\31.1-jre\60458f877d055d0c9114d9e1a2efb737b4bc282c\guava-31.1-jre.jar
lib: C:\Users\Dad\.gradle\caches\modules-2\files-2.1\com.machinezoo.noexception\noexception\1.7.1\b65330c98e38a1f915fa54a6e5eca496505e3f0a\noexception-1.7.1.jar
lib: C:\Users\Dad\.gradle\caches\modules-2\files-2.1\org.slf4j\slf4j-api\1.8.0-beta4\83b0359d847ee053d745be7ec0d8e9e8a44304b4\slf4j-api-1.8.0-beta4.jar
lib: C:\Users\Dad\.gradle\caches\modules-2\files-2.1\org.apache.logging.log4j\log4j-api\2.19.0\ea1b37f38c327596b216542bc636cfdc0b8036fa\log4j-api-2.19.0.jar
lib: C:\Users\Dad\.gradle\caches\modules-2\files-2.1\com.mojang\logging\1.1.1\832b8e6674a9b325a5175a3a6267dfaf34c85139\logging-1.1.1.jar
lib: C:\Users\Dad\.gradle\caches\modules-2\files-2.1\com.github.oshi\oshi-core\6.2.2\54f5efc19bca95d709d9a37d19ffcbba3d21c1a6\oshi-core-6.2.2.jar
lib: C:\Users\Dad\.gradle\caches\modules-2\files-2.1\com.google.guava\failureaccess\1.0.1\1dcf1de382a0bf95a3d8b0849546c88bac1292c9\failureaccess-1.0.1.jar
lib: C:\Users\Dad\.gradle\caches\modules-2\files-2.1\com.ibm.icu\icu4j\61.1\28d33b5e44e72edcc66a5da7a34a42147f38d987\icu4j-61.1.jar
lib: C:\Users\Dad\.gradle\caches\modules-2\files-2.1\com.mojang\authlib\4.0.43\2ff9d747a77570a07a60d32ac77eb6162ad2a2d9\authlib-4.0.43.jar
lib: C:\Users\Dad\.gradle\caches\modules-2\files-2.1\com.mojang\blocklist\1.0.10\5c685c5ffa94c4cd39496c7184c1d122e515ecef\blocklist-1.0.10.jar
lib: C:\Users\Dad\.gradle\caches\modules-2\files-2.1\com.mojang\brigadier\1.1.8\5244ce82c3337bba4a196a3ce858bfaecc74404a\brigadier-1.1.8.jar
lib: C:\Users\Dad\.gradle\caches\modules-2\files-2.1\com.mojang\datafixerupper\6.0.8\3ba4a30557a9b057760af4011f909ba619fc5125\datafixerupper-6.0.8.jar
lib: C:\Users\Dad\.gradle\caches\modules-2\files-2.1\com.mojang\patchy\2.2.10\da05971b07cbb379d002cf7eaec6a2048211fefc\patchy-2.2.10.jar
lib: C:\Users\Dad\.gradle\caches\modules-2\files-2.1\com.mojang\text2speech\1.17.9\3cad216e3a7f0c19b4b394388bc9ffc446f13b14\text2speech-1.17.9.jar
lib: C:\Users\Dad\.gradle\caches\modules-2\files-2.1\commons-codec\commons-codec\1.15\49d94806b6e3dc933dacbd8acb0fdbab8ebd1e5d\commons-codec-1.15.jar
lib: C:\Users\Dad\.gradle\caches\modules-2\files-2.1\commons-io\commons-io\2.11.0\a2503f302b11ebde7ebc3df41daebe0e4eea3689\commons-io-2.11.0.jar
lib: C:\Users\Dad\.gradle\caches\modules-2\files-2.1\commons-logging\commons-logging\1.2\4bfc12adfe4842bf07b657f0369c4cb522955686\commons-logging-1.2.jar
lib: C:\Users\Dad\.gradle\caches\modules-2\files-2.1\io.netty\netty-buffer\4.1.82.Final\a544270cf1ae8b8077082f5036436a9a9971ea71\netty-buffer-4.1.82.Final.jar
lib: C:\Users\Dad\.gradle\caches\modules-2\files-2.1\io.netty\netty-codec\4.1.82.Final\b77200379acb345a9ffdece1c605e591ac3e4e0a\netty-codec-4.1.82.Final.jar
lib: C:\Users\Dad\.gradle\caches\modules-2\files-2.1\io.netty\netty-common\4.1.82.Final\22d148e85c3f5ebdacc0ce1f5aabb1d420f73f3\netty-common-4.1.82.Final.jar
lib: C:\Users\Dad\.gradle\caches\modules-2\files-2.1\io.netty\netty-handler\4.1.82.Final\644041d1fa96a5d3130a29e8978630d716d76e38\netty-handler-4.1.82.Final.jar
lib: C:\Users\Dad\.gradle\caches\modules-2\files-2.1\io.netty\netty-resolver\4.1.82.Final\38f665ae8dcd29032eea31245ba7806bed2e0fa8\netty-resolver-4.1.82.Final.jar
lib: C:\Users\Dad\.gradle\caches\modules-2\files-2.1\io.netty\netty-transport-classes-epoll\4.1.82.Final\e7c7dd18deac93105797f30057c912651ea76521\netty-transport-classes-epoll-4.1.82.Final.jar
lib: C:\Users\Dad\.gradle\caches\modules-2\files-2.1\io.netty\netty-transport-native-unix-common\4.1.82.Final\3e895b35ca1b8a0eca56cacff4c2dde5d2c6abce\netty-transport-native-unix-common-4.1.82.Final.jar
lib: C:\Users\Dad\.gradle\caches\modules-2\files-2.1\io.netty\netty-transport\4.1.82.Final\e431a218d91acb6476ccad5f5aafde50aa3945ca\netty-transport-4.1.82.Final.jar
lib: C:\Users\Dad\.gradle\caches\modules-2\files-2.1\it.unimi.dsi\fastutil\8.5.9\bb7ea75ecdb216654237830b3a96d87ad91f8cc5\fastutil-8.5.9.jar
lib: C:\Users\Dad\.gradle\caches\modules-2\files-2.1\net.java.dev.jna\jna-platform\5.12.1\97406a297c852f4a41e688a176ec675f72e8329\jna-platform-5.12.1.jar
lib: C:\Users\Dad\.gradle\caches\modules-2\files-2.1\net.java.dev.jna\jna\5.12.1\b1e93a735caea94f503e95e6fe79bf9cdc1e985d\jna-5.12.1.jar
lib: C:\Users\Dad\.gradle\caches\modules-2\files-2.1\net.sf.jopt-simple\jopt-simple\5.0.4\4fdac2fbe92dfad86aa6e9301736f6b4342a3f5c\jopt-simple-5.0.4.jar
lib: C:\Users\Dad\.gradle\caches\modules-2\files-2.1\org.apache.commons\commons-compress\1.21\4ec95b60d4e86b5c95a0e919cb172a0af98011ef\commons-compress-1.21.jar
lib: C:\Users\Dad\.gradle\caches\modules-2\files-2.1\org.apache.httpcomponents\httpclient\4.5.13\e5f6cae5ca7ecaac1ec2827a9e2d65ae2869cada\httpclient-4.5.13.jar
lib: C:\Users\Dad\.gradle\caches\modules-2\files-2.1\org.apache.httpcomponents\httpcore\4.4.15\7f2e0c573eaa7a74bac2e89b359e1f73d92a0a1d\httpcore-4.4.15.jar
lib: C:\Users\Dad\.gradle\caches\modules-2\files-2.1\org.apache.logging.log4j\log4j-slf4j2-impl\2.19.0\5c04bfdd63ce9dceb2e284b81e96b6a70010ee10\log4j-slf4j2-impl-2.19.0.jar
lib: C:\Users\Dad\.gradle\caches\modules-2\files-2.1\org.joml\joml\1.10.5\22566d58af70ad3d72308bab63b8339906deb649\joml-1.10.5.jar
lib: C:\Users\Dad\.gradle\caches\modules-2\files-2.1\org.lwjgl\lwjgl-glfw\3.3.1\cbac1b8d30cb4795149c1ef540f912671a8616d0\lwjgl-glfw-3.3.1.jar
lib: C:\Users\Dad\.gradle\caches\modules-2\files-2.1\org.lwjgl\lwjgl-jemalloc\3.3.1\a817bcf213db49f710603677457567c37d53e103\lwjgl-jemalloc-3.3.1.jar
lib: C:\Users\Dad\.gradle\caches\modules-2\files-2.1\org.lwjgl\lwjgl-openal\3.3.1\2623a6b8ae1dfcd880738656a9f0243d2e6840bd\lwjgl-openal-3.3.1.jar
lib: C:\Users\Dad\.gradle\caches\modules-2\files-2.1\org.lwjgl\lwjgl-opengl\3.3.1\831a5533a21a5f4f81bbc51bb13e9899319b5411\lwjgl-opengl-3.3.1.jar
lib: C:\Users\Dad\.gradle\caches\modules-2\files-2.1\org.lwjgl\lwjgl-stb\3.3.1\b119297cf8ed01f247abe8685857f8e7fcf5980f\lwjgl-stb-3.3.1.jar
lib: C:\Users\Dad\.gradle\caches\modules-2\files-2.1\org.lwjgl\lwjgl-tinyfd\3.3.1\ff1914111ef2e3e0110ef2dabc8d8cdaad82347\lwjgl-tinyfd-3.3.1.jar
lib: C:\Users\Dad\.gradle\caches\modules-2\files-2.1\org.lwjgl\lwjgl\3.3.1\ae58664f88e18a9bb2c77b063833ca7aaec484cb\lwjgl-3.3.1.jar
lib: C:\Users\Dad\.gradle\caches\modules-2\files-2.1\ca.weblite\java-objc-bridge\1.1\1227f9e0666314f9de41477e3ec277e542ed7f7b\java-objc-bridge-1.1.jar
lib: C:\Users\Dad\.gradle\caches\modules-2\files-2.1\org.antlr\ST4\4.3\92f2c1ad8d84abcbeead6cf7f2c53a04166293c2\ST4-4.3.jar
lib: C:\Users\Dad\.gradle\caches\modules-2\files-2.1\org.antlr\antlr-runtime\3.5.2\cd9cd41361c155f3af0f653009dcecb08d8b4afd\antlr-runtime-3.5.2.jar
lib: C:\Users\Dad\.gradle\caches\modules-2\files-2.1\org.abego.treelayout\org.abego.treelayout.core\1.0.3\457216e8e6578099ae63667bb1e4439235892028\org.abego.treelayout.core-1.0.3.jar
lib: C:\Users\Dad\.gradle\caches\modules-2\files-2.1\org.glassfish\javax.json\1.0.4\3178f73569fd7a1e5ffc464e680f7a8cc784b85a\javax.json-1.0.4.jar
lib: C:\Users\Dad\.gradle\caches\modules-2\files-2.1\com.google.guava\listenablefuture\9999.0-empty-to-avoid-conflict-with-guava\b421526c5f297295adef1c886e5246c39d4ac629\listenablefuture-9999.0-empty-to-avoid-conflict-with-guava.jar
lib: C:\Users\Dad\.gradle\caches\modules-2\files-2.1\com.google.code.findbugs\jsr305\3.0.2\25ea2e8b0c338a877313bd4672d3fe056ea78f0d\jsr305-3.0.2.jar
lib: C:\Users\Dad\.gradle\caches\modules-2\files-2.1\org.checkerframework\checker-qual\3.12.0\d5692f0526415fcc6de94bb5bfbd3afd9dd3b3e5\checker-qual-3.12.0.jar
lib: C:\Users\Dad\.gradle\caches\modules-2\files-2.1\com.google.errorprone\error_prone_annotations\2.11.0\c5a0ace696d3f8b1c1d8cc036d8c03cc0cbe6b69\error_prone_annotations-2.11.0.jar
lib: C:\Users\Dad\.gradle\caches\modules-2\files-2.1\com.google.j2objc\j2objc-annotations\1.3\ba035118bc8bac37d7eff77700720999acd9986d\j2objc-annotations-1.3.jar
log: null
input: D:\Dropbox\Vault\code\minecraft\intellijprojects\SomeBuckets\forge\build\devlibs\somebuckets-forge-0.8.0.jar
output: D:\Dropbox\Vault\code\minecraft\intellijprojects\SomeBuckets\forge\build\libs\somebuckets-forge-0.8.0.jar
threads: 12
Names: D:\Dropbox\Vault\code\minecraft\intellijprojects\SomeBuckets\forge\build\moddev\artifacts\namedToIntermediate.tsrg(reversed: false)
Fix Annotations: false
Unfinal Parameters: false
Fix Records: false
Fix Identifiers: false
Fix SourceFile: false
Fix Line Numbers: false
Strip codesigning signatures: ALL
Adding Libraries to Inheritance
Reading Input: D:\Dropbox\Vault\code\minecraft\intellijprojects\SomeBuckets\forge\build\devlibs\somebuckets-forge-0.8.0.jar
Adding input to inheritance map
Processing entries
Conflicting propagated mapping for net/minecraftforge/client/model/BakedModelWrapper/isGui3d()Z from net/minecraft/client/resources/model/BakedModel/isGui3d()Z: isGui3d -> m_7539_
Conflicting propagated mapping for com/github/crittscott/somebuckets/client/JBRenderer/renderByItem(Lnet/minecraft/world/item/ItemStack;Lnet/minecraft/world/item/ItemDisplayContext;Lcom/mojang/blaze3d/vertex/PoseStack;Lnet/minecraft/client/renderer/MultiBufferSource;II)V from net/minecraft/client/renderer/BlockEntityWithoutLevelRenderer/renderByItem(Lnet/minecraft/world/item/ItemStack;Lnet/minecraft/world/item/ItemDisplayContext;Lcom/mojang/blaze3d/vertex/PoseStack;Lnet/minecraft/client/renderer/MultiBufferSource;II)V: renderByItem -> m_108829_
Conflicting propagated mapping for net/minecraftforge/client/model/BakedModelWrapper/getOverrides()Lnet/minecraft/client/renderer/block/model/ItemOverrides; from net/minecraft/client/resources/model/BakedModel/getOverrides()Lnet/minecraft/client/renderer/block/model/ItemOverrides;: getOverrides -> m_7343_
Conflicting propagated mapping for net/minecraftforge/client/model/BakedModelWrapper/getQuads(Lnet/minecraft/world/level/block/state/BlockState;Lnet/minecraft/core/Direction;Lnet/minecraft/util/RandomSource;)Ljava/util/List; from net/minecraft/client/resources/model/BakedModel/getQuads(Lnet/minecraft/world/level/block/state/BlockState;Lnet/minecraft/core/Direction;Lnet/minecraft/util/RandomSource;)Ljava/util/List;: getQuads -> m_213637_
Conflicting propagated mapping for net/minecraftforge/client/model/BakedModelWrapper/isCustomRenderer()Z from net/minecraft/client/resources/model/BakedModel/isCustomRenderer()Z: isCustomRenderer -> m_7521_
Conflicting propagated mapping for net/minecraftforge/client/model/BakedModelWrapper/usesBlockLight()Z from net/minecraft/client/resources/model/BakedModel/usesBlockLight()Z: usesBlockLight -> m_7547_
Conflicting propagated mapping for net/minecraftforge/client/model/BakedModelWrapper/getParticleIcon()Lnet/minecraft/client/renderer/texture/TextureAtlasSprite; from net/minecraft/client/resources/model/BakedModel/getParticleIcon()Lnet/minecraft/client/renderer/texture/TextureAtlasSprite;: getParticleIcon -> m_6160_
Conflicting propagated mapping for net/minecraftforge/client/model/BakedModelWrapper/getTransforms()Lnet/minecraft/client/renderer/block/model/ItemTransforms; from net/minecraft/client/resources/model/BakedModel/getTransforms()Lnet/minecraft/client/renderer/block/model/ItemTransforms;: getTransforms -> m_7442_
Conflicting propagated mapping for net/minecraftforge/client/model/BakedModelWrapper/useAmbientOcclusion()Z from net/minecraft/client/resources/model/BakedModel/useAmbientOcclusion()Z: useAmbientOcclusion -> m_7541_
Conflicting propagated mapping for com/github/crittscott/somebuckets/client/JBModel/isCustomRenderer()Z from net/minecraftforge/client/model/BakedModelWrapper/isCustomRenderer()Z: isCustomRenderer -> m_7521_
Conflicting propagated mapping for com/github/crittscott/somebuckets/client/JBRenderer$ForegroundModel/getOverrides()Lnet/minecraft/client/renderer/block/model/ItemOverrides; from net/minecraftforge/client/model/BakedModelWrapper/getOverrides()Lnet/minecraft/client/renderer/block/model/ItemOverrides;: getOverrides -> m_7343_
Conflicting propagated mapping for com/github/crittscott/somebuckets/client/JBRenderer$ForegroundModel/getQuads(Lnet/minecraft/world/level/block/state/BlockState;Lnet/minecraft/core/Direction;Lnet/minecraft/util/RandomSource;)Ljava/util/List; from net/minecraftforge/client/model/BakedModelWrapper/getQuads(Lnet/minecraft/world/level/block/state/BlockState;Lnet/minecraft/core/Direction;Lnet/minecraft/util/RandomSource;)Ljava/util/List;: getQuads -> m_213637_
Conflicting propagated mapping for com/github/crittscott/somebuckets/client/NbtFluidContainerModel$OverrideSwap/getOverrides()Lnet/minecraft/client/renderer/block/model/ItemOverrides; from net/minecraftforge/client/model/BakedModelWrapper/getOverrides()Lnet/minecraft/client/renderer/block/model/ItemOverrides;: getOverrides -> m_7343_
Conflicting propagated mapping for com/github/crittscott/somebuckets/client/NbtFluidContainerModel$StackTintOverrides/resolve(Lnet/minecraft/client/resources/model/BakedModel;Lnet/minecraft/world/item/ItemStack;Lnet/minecraft/client/multiplayer/ClientLevel;Lnet/minecraft/world/entity/LivingEntity;I)Lnet/minecraft/client/resources/model/BakedModel; from net/minecraft/client/renderer/block/model/ItemOverrides/resolve(Lnet/minecraft/client/resources/model/BakedModel;Lnet/minecraft/world/item/ItemStack;Lnet/minecraft/client/multiplayer/ClientLevel;Lnet/minecraft/world/entity/LivingEntity;I)Lnet/minecraft/client/resources/model/BakedModel;: resolve -> m_173464_
Conflicting propagated mapping for com/github/crittscott/somebuckets/client/NbtFluidContainerModel$TintedFluidLayer/getOverrides()Lnet/minecraft/client/renderer/block/model/ItemOverrides; from net/minecraftforge/client/model/BakedModelWrapper/getOverrides()Lnet/minecraft/client/renderer/block/model/ItemOverrides;: getOverrides -> m_7343_
Conflicting propagated mapping for com/github/crittscott/somebuckets/client/NbtFluidContainerModel$TintedFluidLayer/getQuads(Lnet/minecraft/world/level/block/state/BlockState;Lnet/minecraft/core/Direction;Lnet/minecraft/util/RandomSource;)Ljava/util/List; from net/minecraftforge/client/model/BakedModelWrapper/getQuads(Lnet/minecraft/world/level/block/state/BlockState;Lnet/minecraft/core/Direction;Lnet/minecraft/util/RandomSource;)Ljava/util/List;: getQuads -> m_213637_
Conflicting propagated mapping for com/github/crittscott/somebuckets/crafting/EmptyBucketIngredient$EmptyBucketValue/getItems()Ljava/util/Collection; from net/minecraft/world/item/crafting/Ingredient$Value/getItems()Ljava/util/Collection;: getItems -> m_6223_
Conflicting propagated mapping for com/github/crittscott/somebuckets/crafting/EmptyBucketIngredient$EmptyBucketValue/serialize()Lcom/google/gson/JsonObject; from net/minecraft/world/item/crafting/Ingredient$Value/serialize()Lcom/google/gson/JsonObject;: serialize -> m_6544_
Conflicting propagated mapping for net/minecraftforge/common/crafting/AbstractIngredient/of(Lnet/minecraft/tags/TagKey;)Lnet/minecraft/world/item/crafting/Ingredient; from net/minecraft/world/item/crafting/Ingredient/of(Lnet/minecraft/tags/TagKey;)Lnet/minecraft/world/item/crafting/Ingredient;: of -> m_204132_
Conflicting propagated mapping for net/minecraftforge/common/crafting/AbstractIngredient/of(Ljava/util/stream/Stream;)Lnet/minecraft/world/item/crafting/Ingredient; from net/minecraft/world/item/crafting/Ingredient/of(Ljava/util/stream/Stream;)Lnet/minecraft/world/item/crafting/Ingredient;: of -> m_43921_
Conflicting propagated mapping for net/minecraftforge/common/crafting/AbstractIngredient/of()Lnet/minecraft/world/item/crafting/Ingredient; from net/minecraft/world/item/crafting/Ingredient/of()Lnet/minecraft/world/item/crafting/Ingredient;: of -> m_151265_
Conflicting propagated mapping for net/minecraftforge/common/crafting/AbstractIngredient/of([Lnet/minecraft/world/item/ItemStack;)Lnet/minecraft/world/item/crafting/Ingredient; from net/minecraft/world/item/crafting/Ingredient/of([Lnet/minecraft/world/item/ItemStack;)Lnet/minecraft/world/item/crafting/Ingredient;: of -> m_43927_
Conflicting propagated mapping for net/minecraftforge/common/crafting/AbstractIngredient/fromNetwork(Lnet/minecraft/network/FriendlyByteBuf;)Lnet/minecraft/world/item/crafting/Ingredient; from net/minecraft/world/item/crafting/Ingredient/fromNetwork(Lnet/minecraft/network/FriendlyByteBuf;)Lnet/minecraft/world/item/crafting/Ingredient;: fromNetwork -> m_43940_
Conflicting propagated mapping for net/minecraftforge/common/crafting/AbstractIngredient/fromJson(Lcom/google/gson/JsonElement;)Lnet/minecraft/world/item/crafting/Ingredient; from net/minecraft/world/item/crafting/Ingredient/fromJson(Lcom/google/gson/JsonElement;)Lnet/minecraft/world/item/crafting/Ingredient;: fromJson -> m_43917_
Conflicting propagated mapping for net/minecraftforge/common/crafting/AbstractIngredient/toJson()Lcom/google/gson/JsonElement; from net/minecraft/world/item/crafting/Ingredient/toJson()Lcom/google/gson/JsonElement;: toJson -> m_43942_
Conflicting propagated mapping for net/minecraftforge/common/crafting/AbstractIngredient/fromValues(Ljava/util/stream/Stream;)Lnet/minecraft/world/item/crafting/Ingredient; from net/minecraft/world/item/crafting/Ingredient/fromValues(Ljava/util/stream/Stream;)Lnet/minecraft/world/item/crafting/Ingredient;: fromValues -> m_43938_
Conflicting propagated mapping for net/minecraftforge/common/crafting/AbstractIngredient/of([Lnet/minecraft/world/level/ItemLike;)Lnet/minecraft/world/item/crafting/Ingredient; from net/minecraft/world/item/crafting/Ingredient/of([Lnet/minecraft/world/level/ItemLike;)Lnet/minecraft/world/item/crafting/Ingredient;: of -> m_43929_
Conflicting propagated mapping for com/github/crittscott/somebuckets/crafting/EmptyBucketIngredient/toJson()Lcom/google/gson/JsonElement; from net/minecraftforge/common/crafting/AbstractIngredient/toJson()Lcom/google/gson/JsonElement;: toJson -> m_43942_
Conflicting propagated mapping for net/minecraftforge/common/ForgeSpawnEggItem/getType(Lnet/minecraft/nbt/CompoundTag;)Lnet/minecraft/world/entity/EntityType; from net/minecraft/world/item/SpawnEggItem/getType(Lnet/minecraft/nbt/CompoundTag;)Lnet/minecraft/world/entity/EntityType;: getType -> m_43228_
Conflicting propagated mapping for com/github/crittscott/somebuckets/crafting/SpawnEggIngredient/toJson()Lcom/google/gson/JsonElement; from net/minecraftforge/common/crafting/AbstractIngredient/toJson()Lcom/google/gson/JsonElement;: toJson -> m_43942_
Conflicting propagated mapping for com/github/crittscott/somebuckets/crafting/SpawnEggIngredient$SpawnEggValue/getItems()Ljava/util/Collection; from net/minecraft/world/item/crafting/Ingredient$Value/getItems()Ljava/util/Collection;: getItems -> m_6223_
Conflicting propagated mapping for com/github/crittscott/somebuckets/crafting/SpawnEggIngredient$SpawnEggValue/serialize()Lcom/google/gson/JsonObject; from net/minecraft/world/item/crafting/Ingredient$Value/serialize()Lcom/google/gson/JsonObject;: serialize -> m_6544_
Conflicting propagated mapping for com/github/crittscott/somebuckets/item/SBItem/getUseAnimation(Lnet/minecraft/world/item/ItemStack;)Lnet/minecraft/world/item/UseAnim; from net/minecraft/world/item/Item/getUseAnimation(Lnet/minecraft/world/item/ItemStack;)Lnet/minecraft/world/item/UseAnim;: getUseAnimation -> m_6164_
Conflicting propagated mapping for com/github/crittscott/somebuckets/item/SBItem/getName(Lnet/minecraft/world/item/ItemStack;)Lnet/minecraft/network/chat/Component; from net/minecraft/world/item/Item/getName(Lnet/minecraft/world/item/ItemStack;)Lnet/minecraft/network/chat/Component;: getName -> m_7626_
Conflicting propagated mapping for com/github/crittscott/somebuckets/item/SBItem/use(Lnet/minecraft/world/level/Level;Lnet/minecraft/world/entity/player/Player;Lnet/minecraft/world/InteractionHand;)Lnet/minecraft/world/InteractionResultHolder; from net/minecraft/world/item/Item/use(Lnet/minecraft/world/level/Level;Lnet/minecraft/world/entity/player/Player;Lnet/minecraft/world/InteractionHand;)Lnet/minecraft/world/InteractionResultHolder;: use -> m_7203_
Conflicting propagated mapping for com/github/crittscott/somebuckets/item/SBItem/getUseDuration(Lnet/minecraft/world/item/ItemStack;)I from net/minecraft/world/item/Item/getUseDuration(Lnet/minecraft/world/item/ItemStack;)I: getUseDuration -> m_8105_
Conflicting propagated mapping for com/github/crittscott/somebuckets/item/SBItem/finishUsingItem(Lnet/minecraft/world/item/ItemStack;Lnet/minecraft/world/level/Level;Lnet/minecraft/world/entity/LivingEntity;)Lnet/minecraft/world/item/ItemStack; from net/minecraft/world/item/Item/finishUsingItem(Lnet/minecraft/world/item/ItemStack;Lnet/minecraft/world/level/Level;Lnet/minecraft/world/entity/LivingEntity;)Lnet/minecraft/world/item/ItemStack;: finishUsingItem -> m_5922_
Conflicting propagated mapping for com/github/crittscott/somebuckets/item/SBItem/interactLivingEntity(Lnet/minecraft/world/item/ItemStack;Lnet/minecraft/world/entity/player/Player;Lnet/minecraft/world/entity/LivingEntity;Lnet/minecraft/world/InteractionHand;)Lnet/minecraft/world/InteractionResult; from net/minecraft/world/item/Item/interactLivingEntity(Lnet/minecraft/world/item/ItemStack;Lnet/minecraft/world/entity/player/Player;Lnet/minecraft/world/entity/LivingEntity;Lnet/minecraft/world/InteractionHand;)Lnet/minecraft/world/InteractionResult;: interactLivingEntity -> m_6880_
Conflicting propagated mapping for com/github/crittscott/somebuckets/item/BBItem/appendHoverText(Lnet/minecraft/world/item/ItemStack;Lnet/minecraft/world/level/Level;Ljava/util/List;Lnet/minecraft/world/item/TooltipFlag;)V from net/minecraft/world/item/Item/appendHoverText(Lnet/minecraft/world/item/ItemStack;Lnet/minecraft/world/level/Level;Ljava/util/List;Lnet/minecraft/world/item/TooltipFlag;)V: appendHoverText -> m_7373_
Conflicting propagated mapping for com/github/crittscott/somebuckets/item/BBItem/getUseAnimation(Lnet/minecraft/world/item/ItemStack;)Lnet/minecraft/world/item/UseAnim; from net/minecraft/world/item/Item/getUseAnimation(Lnet/minecraft/world/item/ItemStack;)Lnet/minecraft/world/item/UseAnim;: getUseAnimation -> m_6164_
Conflicting propagated mapping for com/github/crittscott/somebuckets/item/BBItem/getName(Lnet/minecraft/world/item/ItemStack;)Lnet/minecraft/network/chat/Component; from net/minecraft/world/item/Item/getName(Lnet/minecraft/world/item/ItemStack;)Lnet/minecraft/network/chat/Component;: getName -> m_7626_
Conflicting propagated mapping for com/github/crittscott/somebuckets/item/BBItem/use(Lnet/minecraft/world/level/Level;Lnet/minecraft/world/entity/player/Player;Lnet/minecraft/world/InteractionHand;)Lnet/minecraft/world/InteractionResultHolder; from net/minecraft/world/item/Item/use(Lnet/minecraft/world/level/Level;Lnet/minecraft/world/entity/player/Player;Lnet/minecraft/world/InteractionHand;)Lnet/minecraft/world/InteractionResultHolder;: use -> m_7203_
Conflicting propagated mapping for com/github/crittscott/somebuckets/item/BBItem/getUseDuration(Lnet/minecraft/world/item/ItemStack;)I from net/minecraft/world/item/Item/getUseDuration(Lnet/minecraft/world/item/ItemStack;)I: getUseDuration -> m_8105_
Conflicting propagated mapping for com/github/crittscott/somebuckets/item/BBItem/getBarWidth(Lnet/minecraft/world/item/ItemStack;)I from net/minecraft/world/item/Item/getBarWidth(Lnet/minecraft/world/item/ItemStack;)I: getBarWidth -> m_142158_
Conflicting propagated mapping for com/github/crittscott/somebuckets/item/BBItem/getBarColor(Lnet/minecraft/world/item/ItemStack;)I from net/minecraft/world/item/Item/getBarColor(Lnet/minecraft/world/item/ItemStack;)I: getBarColor -> m_142159_
Conflicting propagated mapping for com/github/crittscott/somebuckets/item/BBItem/isBarVisible(Lnet/minecraft/world/item/ItemStack;)Z from net/minecraft/world/item/Item/isBarVisible(Lnet/minecraft/world/item/ItemStack;)Z: isBarVisible -> m_142522_
Conflicting propagated mapping for com/github/crittscott/somebuckets/item/BBItem/finishUsingItem(Lnet/minecraft/world/item/ItemStack;Lnet/minecraft/world/level/Level;Lnet/minecraft/world/entity/LivingEntity;)Lnet/minecraft/world/item/ItemStack; from net/minecraft/world/item/Item/finishUsingItem(Lnet/minecraft/world/item/ItemStack;Lnet/minecraft/world/level/Level;Lnet/minecraft/world/entity/LivingEntity;)Lnet/minecraft/world/item/ItemStack;: finishUsingItem -> m_5922_
Conflicting propagated mapping for com/github/crittscott/somebuckets/item/BBItem/interactLivingEntity(Lnet/minecraft/world/item/ItemStack;Lnet/minecraft/world/entity/player/Player;Lnet/minecraft/world/entity/LivingEntity;Lnet/minecraft/world/InteractionHand;)Lnet/minecraft/world/InteractionResult; from net/minecraft/world/item/Item/interactLivingEntity(Lnet/minecraft/world/item/ItemStack;Lnet/minecraft/world/entity/player/Player;Lnet/minecraft/world/entity/LivingEntity;Lnet/minecraft/world/InteractionHand;)Lnet/minecraft/world/InteractionResult;: interactLivingEntity -> m_6880_
Conflicting propagated mapping for com/github/crittscott/somebuckets/interaction/Dispensers$BBBehavior/execute(Lnet/minecraft/core/BlockSource;Lnet/minecraft/world/item/ItemStack;)Lnet/minecraft/world/item/ItemStack; from net/minecraft/core/dispenser/DefaultDispenseItemBehavior/execute(Lnet/minecraft/core/BlockSource;Lnet/minecraft/world/item/ItemStack;)Lnet/minecraft/world/item/ItemStack;: execute -> m_7498_
Conflicting propagated mapping for com/github/crittscott/somebuckets/interaction/Dispensers$SBBehavior/execute(Lnet/minecraft/core/BlockSource;Lnet/minecraft/world/item/ItemStack;)Lnet/minecraft/world/item/ItemStack; from net/minecraft/core/dispenser/DefaultDispenseItemBehavior/execute(Lnet/minecraft/core/BlockSource;Lnet/minecraft/world/item/ItemStack;)Lnet/minecraft/world/item/ItemStack;: execute -> m_7498_
Conflicting propagated mapping for com/github/crittscott/somebuckets/interaction/NonFluidDispensers$MobBehavior/execute(Lnet/minecraft/core/BlockSource;Lnet/minecraft/world/item/ItemStack;)Lnet/minecraft/world/item/ItemStack; from net/minecraft/core/dispenser/DefaultDispenseItemBehavior/execute(Lnet/minecraft/core/BlockSource;Lnet/minecraft/world/item/ItemStack;)Lnet/minecraft/world/item/ItemStack;: execute -> m_7498_
Conflicting propagated mapping for com/github/crittscott/somebuckets/interaction/NonFluidDispensers$StorageBehavior/execute(Lnet/minecraft/core/BlockSource;Lnet/minecraft/world/item/ItemStack;)Lnet/minecraft/world/item/ItemStack; from net/minecraft/core/dispenser/DefaultDispenseItemBehavior/execute(Lnet/minecraft/core/BlockSource;Lnet/minecraft/world/item/ItemStack;)Lnet/minecraft/world/item/ItemStack;: execute -> m_7498_
Conflicting propagated mapping for com/github/crittscott/somebuckets/item/JBItem/appendHoverText(Lnet/minecraft/world/item/ItemStack;Lnet/minecraft/world/level/Level;Ljava/util/List;Lnet/minecraft/world/item/TooltipFlag;)V from net/minecraft/world/item/Item/appendHoverText(Lnet/minecraft/world/item/ItemStack;Lnet/minecraft/world/level/Level;Ljava/util/List;Lnet/minecraft/world/item/TooltipFlag;)V: appendHoverText -> m_7373_
Conflicting propagated mapping for com/github/crittscott/somebuckets/item/JBItem/overrideOtherStackedOnMe(Lnet/minecraft/world/item/ItemStack;Lnet/minecraft/world/item/ItemStack;Lnet/minecraft/world/inventory/Slot;Lnet/minecraft/world/inventory/ClickAction;Lnet/minecraft/world/entity/player/Player;Lnet/minecraft/world/entity/SlotAccess;)Z from net/minecraft/world/item/Item/overrideOtherStackedOnMe(Lnet/minecraft/world/item/ItemStack;Lnet/minecraft/world/item/ItemStack;Lnet/minecraft/world/inventory/Slot;Lnet/minecraft/world/inventory/ClickAction;Lnet/minecraft/world/entity/player/Player;Lnet/minecraft/world/entity/SlotAccess;)Z: overrideOtherStackedOnMe -> m_142305_
Conflicting propagated mapping for com/github/crittscott/somebuckets/item/JBItem/canFitInsideContainerItems()Z from net/minecraft/world/item/Item/canFitInsideContainerItems()Z: canFitInsideContainerItems -> m_142095_
Conflicting propagated mapping for com/github/crittscott/somebuckets/item/JBItem/overrideStackedOnOther(Lnet/minecraft/world/item/ItemStack;Lnet/minecraft/world/inventory/Slot;Lnet/minecraft/world/inventory/ClickAction;Lnet/minecraft/world/entity/player/Player;)Z from net/minecraft/world/item/Item/overrideStackedOnOther(Lnet/minecraft/world/item/ItemStack;Lnet/minecraft/world/inventory/Slot;Lnet/minecraft/world/inventory/ClickAction;Lnet/minecraft/world/entity/player/Player;)Z: overrideStackedOnOther -> m_142207_
Conflicting propagated mapping for com/github/crittscott/somebuckets/item/JBItem/use(Lnet/minecraft/world/level/Level;Lnet/minecraft/world/entity/player/Player;Lnet/minecraft/world/InteractionHand;)Lnet/minecraft/world/InteractionResultHolder; from net/minecraft/world/item/Item/use(Lnet/minecraft/world/level/Level;Lnet/minecraft/world/entity/player/Player;Lnet/minecraft/world/InteractionHand;)Lnet/minecraft/world/InteractionResultHolder;: use -> m_7203_
Conflicting propagated mapping for com/github/crittscott/somebuckets/item/JBItem/getBarWidth(Lnet/minecraft/world/item/ItemStack;)I from net/minecraft/world/item/Item/getBarWidth(Lnet/minecraft/world/item/ItemStack;)I: getBarWidth -> m_142158_
Conflicting propagated mapping for com/github/crittscott/somebuckets/item/JBItem/getBarColor(Lnet/minecraft/world/item/ItemStack;)I from net/minecraft/world/item/Item/getBarColor(Lnet/minecraft/world/item/ItemStack;)I: getBarColor -> m_142159_
Conflicting propagated mapping for com/github/crittscott/somebuckets/item/JBItem/isBarVisible(Lnet/minecraft/world/item/ItemStack;)Z from net/minecraft/world/item/Item/isBarVisible(Lnet/minecraft/world/item/ItemStack;)Z: isBarVisible -> m_142522_
Conflicting propagated mapping for com/github/crittscott/somebuckets/item/JBItem/useOn(Lnet/minecraft/world/item/context/UseOnContext;)Lnet/minecraft/world/InteractionResult; from net/minecraft/world/item/Item/useOn(Lnet/minecraft/world/item/context/UseOnContext;)Lnet/minecraft/world/InteractionResult;: useOn -> m_6225_
Conflicting propagated mapping for com/github/crittscott/somebuckets/item/JBItem/interactLivingEntity(Lnet/minecraft/world/item/ItemStack;Lnet/minecraft/world/entity/player/Player;Lnet/minecraft/world/entity/LivingEntity;Lnet/minecraft/world/InteractionHand;)Lnet/minecraft/world/InteractionResult; from net/minecraft/world/item/Item/interactLivingEntity(Lnet/minecraft/world/item/ItemStack;Lnet/minecraft/world/entity/player/Player;Lnet/minecraft/world/entity/LivingEntity;Lnet/minecraft/world/InteractionHand;)Lnet/minecraft/world/InteractionResult;: interactLivingEntity -> m_6880_
Conflicting propagated mapping for com/github/crittscott/somebuckets/item/MBItem/appendHoverText(Lnet/minecraft/world/item/ItemStack;Lnet/minecraft/world/level/Level;Ljava/util/List;Lnet/minecraft/world/item/TooltipFlag;)V from net/minecraft/world/item/Item/appendHoverText(Lnet/minecraft/world/item/ItemStack;Lnet/minecraft/world/level/Level;Ljava/util/List;Lnet/minecraft/world/item/TooltipFlag;)V: appendHoverText -> m_7373_
Conflicting propagated mapping for com/github/crittscott/somebuckets/item/MBItem/getBarWidth(Lnet/minecraft/world/item/ItemStack;)I from net/minecraft/world/item/Item/getBarWidth(Lnet/minecraft/world/item/ItemStack;)I: getBarWidth -> m_142158_
Conflicting propagated mapping for com/github/crittscott/somebuckets/item/MBItem/getBarColor(Lnet/minecraft/world/item/ItemStack;)I from net/minecraft/world/item/Item/getBarColor(Lnet/minecraft/world/item/ItemStack;)I: getBarColor -> m_142159_
Conflicting propagated mapping for com/github/crittscott/somebuckets/item/MBItem/isBarVisible(Lnet/minecraft/world/item/ItemStack;)Z from net/minecraft/world/item/Item/isBarVisible(Lnet/minecraft/world/item/ItemStack;)Z: isBarVisible -> m_142522_
Conflicting propagated mapping for com/github/crittscott/somebuckets/item/MBItem/useOn(Lnet/minecraft/world/item/context/UseOnContext;)Lnet/minecraft/world/InteractionResult; from net/minecraft/world/item/Item/useOn(Lnet/minecraft/world/item/context/UseOnContext;)Lnet/minecraft/world/InteractionResult;: useOn -> m_6225_
Conflicting propagated mapping for com/github/crittscott/somebuckets/item/MBItem/interactLivingEntity(Lnet/minecraft/world/item/ItemStack;Lnet/minecraft/world/entity/player/Player;Lnet/minecraft/world/entity/LivingEntity;Lnet/minecraft/world/InteractionHand;)Lnet/minecraft/world/InteractionResult; from net/minecraft/world/item/Item/interactLivingEntity(Lnet/minecraft/world/item/ItemStack;Lnet/minecraft/world/entity/player/Player;Lnet/minecraft/world/entity/LivingEntity;Lnet/minecraft/world/InteractionHand;)Lnet/minecraft/world/InteractionResult;: interactLivingEntity -> m_6880_
Conflicting propagated mapping for net/minecraft/world/entity/LivingEntity/lambda$addAdditionalSaveData$3(Lnet/minecraft/nbt/CompoundTag;Lnet/minecraft/nbt/Tag;)V from net/minecraft/world/entity/player/Player/lambda$addAdditionalSaveData$3(Lnet/minecraft/nbt/CompoundTag;Lnet/minecraft/nbt/Tag;)V: lambda$addAdditionalSaveData$3 -> m_219754_
Conflicting propagated mapping for com/github/crittscott/somebuckets/item/TBItem/overrideOtherStackedOnMe(Lnet/minecraft/world/item/ItemStack;Lnet/minecraft/world/item/ItemStack;Lnet/minecraft/world/inventory/Slot;Lnet/minecraft/world/inventory/ClickAction;Lnet/minecraft/world/entity/player/Player;Lnet/minecraft/world/entity/SlotAccess;)Z from com/github/crittscott/somebuckets/item/JBItem/overrideOtherStackedOnMe(Lnet/minecraft/world/item/ItemStack;Lnet/minecraft/world/item/ItemStack;Lnet/minecraft/world/inventory/Slot;Lnet/minecraft/world/inventory/ClickAction;Lnet/minecraft/world/entity/player/Player;Lnet/minecraft/world/entity/SlotAccess;)Z: overrideOtherStackedOnMe -> m_142305_
Conflicting propagated mapping for com/github/crittscott/somebuckets/item/TBItem/overrideStackedOnOther(Lnet/minecraft/world/item/ItemStack;Lnet/minecraft/world/inventory/Slot;Lnet/minecraft/world/inventory/ClickAction;Lnet/minecraft/world/entity/player/Player;)Z from com/github/crittscott/somebuckets/item/JBItem/overrideStackedOnOther(Lnet/minecraft/world/item/ItemStack;Lnet/minecraft/world/inventory/Slot;Lnet/minecraft/world/inventory/ClickAction;Lnet/minecraft/world/entity/player/Player;)Z: overrideStackedOnOther -> m_142207_
Conflicting propagated mapping for com/github/crittscott/somebuckets/item/TBItem/use(Lnet/minecraft/world/level/Level;Lnet/minecraft/world/entity/player/Player;Lnet/minecraft/world/InteractionHand;)Lnet/minecraft/world/InteractionResultHolder; from com/github/crittscott/somebuckets/item/JBItem/use(Lnet/minecraft/world/level/Level;Lnet/minecraft/world/entity/player/Player;Lnet/minecraft/world/InteractionHand;)Lnet/minecraft/world/InteractionResultHolder;: use -> m_7203_
Conflicting propagated mapping for net/minecraftforge/common/util/FakePlayer/isInvulnerableTo(Lnet/minecraft/world/damagesource/DamageSource;)Z from net/minecraft/server/level/ServerPlayer/isInvulnerableTo(Lnet/minecraft/world/damagesource/DamageSource;)Z: isInvulnerableTo -> m_6673_
Conflicting propagated mapping for net/minecraftforge/common/util/FakePlayer/canHarmPlayer(Lnet/minecraft/world/entity/player/Player;)Z from net/minecraft/server/level/ServerPlayer/canHarmPlayer(Lnet/minecraft/world/entity/player/Player;)Z: canHarmPlayer -> m_7099_
Conflicting propagated mapping for net/minecraftforge/common/util/FakePlayer/updateOptions(Lnet/minecraft/network/protocol/game/ServerboundClientInformationPacket;)V from net/minecraft/server/level/ServerPlayer/updateOptions(Lnet/minecraft/network/protocol/game/ServerboundClientInformationPacket;)V: updateOptions -> m_9156_
Conflicting propagated mapping for net/minecraftforge/common/util/FakePlayer/displayClientMessage(Lnet/minecraft/network/chat/Component;Z)V from net/minecraft/server/level/ServerPlayer/displayClientMessage(Lnet/minecraft/network/chat/Component;Z)V: displayClientMessage -> m_5661_
Conflicting propagated mapping for net/minecraftforge/common/util/FakePlayer/die(Lnet/minecraft/world/damagesource/DamageSource;)V from net/minecraft/server/level/ServerPlayer/die(Lnet/minecraft/world/damagesource/DamageSource;)V: die -> m_6667_
Conflicting propagated mapping for net/minecraftforge/common/util/FakePlayer/tick()V from net/minecraft/server/level/ServerPlayer/tick()V: tick -> m_8119_
Conflicting propagated mapping for net/minecraftforge/common/util/FakePlayer/getServer()Lnet/minecraft/server/MinecraftServer; from net/minecraft/world/entity/Entity/getServer()Lnet/minecraft/server/MinecraftServer;: getServer -> m_20194_
Conflicting propagated mapping for net/minecraftforge/common/util/FakePlayer/awardStat(Lnet/minecraft/stats/Stat;I)V from net/minecraft/server/level/ServerPlayer/awardStat(Lnet/minecraft/stats/Stat;I)V: awardStat -> m_6278_
Adding extras
Sorting
Writing Output: D:\Dropbox\Vault\code\minecraft\intellijprojects\SomeBuckets\forge\build\libs\somebuckets-forge-0.8.0.jar
  META-INF/
  META-INF/MANIFEST.MF
  META-INF/mods.toml
  assets/
  assets/somebuckets/
  assets/somebuckets/lang/
  assets/somebuckets/lang/en_us.json
  assets/somebuckets/models/
  assets/somebuckets/models/item/
  assets/somebuckets/models/item/big_bucket_64.json
  assets/somebuckets/models/item/big_bucket_8.json
  assets/somebuckets/models/item/junk_bucket.json
  assets/somebuckets/models/item/milk_bucket.json
  assets/somebuckets/models/item/milk_bucket64.json
  assets/somebuckets/models/item/mob_bucket.json
  assets/somebuckets/models/item/mob_bucket_filled.json
  assets/somebuckets/models/item/powder_snow_bucket.json
  assets/somebuckets/models/item/powder_snow_bucket64.json
  assets/somebuckets/models/item/source_bucket.json
  assets/somebuckets/models/item/trash_bucket.json
  assets/somebuckets/sounds.json
  assets/somebuckets/sounds/
  assets/somebuckets/sounds/tb_eject.ogg
  assets/somebuckets/textures/
  assets/somebuckets/textures/item/
  assets/somebuckets/textures/item/big_bucket_full.png
  assets/somebuckets/textures/item/junk_bucket_opening.png
  assets/somebuckets/textures/item/minecraft/
  assets/somebuckets/textures/item/minecraft/milk_bucket.png
  assets/somebuckets/textures/item/minecraft/milk_bucket64.png
  assets/somebuckets/textures/item/minecraft/powder_snow_bucket.png
  assets/somebuckets/textures/item/minecraft/powder_snow_bucket64.png
  assets/somebuckets/textures/item/mob_bucket_primary.png
  assets/somebuckets/textures/item/mob_bucket_secondary.png
  assets/somebuckets/textures/item/somebucket.png
  assets/somebuckets/textures/item/somebucket64.png
  com/
  com/github/
  com/github/crittscott/
  com/github/crittscott/somebuckets/
  com/github/crittscott/somebuckets/SomeBuckets.class
  com/github/crittscott/somebuckets/SomeBucketsForge.class
  com/github/crittscott/somebuckets/client/
  com/github/crittscott/somebuckets/client/BucketMouth$Span.class
  com/github/crittscott/somebuckets/client/BucketMouth.class
  com/github/crittscott/somebuckets/client/ClientColorHandlers.class
  com/github/crittscott/somebuckets/client/ClientFluidColors.class
  com/github/crittscott/somebuckets/client/ClientModelLoaders.class
  com/github/crittscott/somebuckets/client/ClientSetup.class
  com/github/crittscott/somebuckets/client/JBModel.class
  com/github/crittscott/somebuckets/client/JBRenderer$1.class
  com/github/crittscott/somebuckets/client/JBRenderer$ForegroundModel.class
  com/github/crittscott/somebuckets/client/JBRenderer.class
  com/github/crittscott/somebuckets/client/JunkIconLayout$Placement.class
  com/github/crittscott/somebuckets/client/JunkIconLayout.class
  com/github/crittscott/somebuckets/client/NbtFluidContainerModel$Loader.class
  com/github/crittscott/somebuckets/client/NbtFluidContainerModel$OverrideSwap.class
  com/github/crittscott/somebuckets/client/NbtFluidContainerModel$QuadKey.class
  com/github/crittscott/somebuckets/client/NbtFluidContainerModel$StackTintOverrides.class
  com/github/crittscott/somebuckets/client/NbtFluidContainerModel$TintKey.class
  com/github/crittscott/somebuckets/client/NbtFluidContainerModel$TintedFluidLayer.class
  com/github/crittscott/somebuckets/client/NbtFluidContainerModel.class
  com/github/crittscott/somebuckets/client/SidedFluidColors.class
  com/github/crittscott/somebuckets/compat/
  com/github/crittscott/somebuckets/compat/ftbchunks/
  com/github/crittscott/somebuckets/compat/ftbchunks/FtbChunksProtection$1.class
  com/github/crittscott/somebuckets/compat/ftbchunks/FtbChunksProtection.class
  com/github/crittscott/somebuckets/config/
  com/github/crittscott/somebuckets/config/SBPolicy$Snapshot.class
  com/github/crittscott/somebuckets/config/SBPolicy.class
  com/github/crittscott/somebuckets/config/ServerConfig.class
  com/github/crittscott/somebuckets/crafting/
  com/github/crittscott/somebuckets/crafting/EmptyBucketIngredient$EmptyBucketValue.class
  com/github/crittscott/somebuckets/crafting/EmptyBucketIngredient$Serializer.class
  com/github/crittscott/somebuckets/crafting/EmptyBucketIngredient.class
  com/github/crittscott/somebuckets/crafting/SpawnEggIngredient$Serializer.class
  com/github/crittscott/somebuckets/crafting/SpawnEggIngredient$SpawnEggValue.class
  com/github/crittscott/somebuckets/crafting/SpawnEggIngredient.class
  com/github/crittscott/somebuckets/event/
  com/github/crittscott/somebuckets/event/FuelHandler.class
  com/github/crittscott/somebuckets/event/NBEvents.class
  com/github/crittscott/somebuckets/fluid/
  com/github/crittscott/somebuckets/fluid/AbstractFluidHandler.class
  com/github/crittscott/somebuckets/fluid/BBFluidHandler.class
  com/github/crittscott/somebuckets/fluid/BBFluidLogic.class
  com/github/crittscott/somebuckets/fluid/FluidPickup.class
  com/github/crittscott/somebuckets/fluid/FluidPlacement.class
  com/github/crittscott/somebuckets/fluid/FluidProvider.class
  com/github/crittscott/somebuckets/fluid/SBFluidHandler.class
  com/github/crittscott/somebuckets/fluid/SBFluidLogic.class
  com/github/crittscott/somebuckets/interaction/
  com/github/crittscott/somebuckets/interaction/Cauldrons.class
  com/github/crittscott/somebuckets/interaction/Dispensers$BBBehavior.class
  com/github/crittscott/somebuckets/interaction/Dispensers$SBBehavior.class
  com/github/crittscott/somebuckets/interaction/Dispensers$Target.class
  com/github/crittscott/somebuckets/interaction/Dispensers.class
  com/github/crittscott/somebuckets/interaction/NonFluidDispensers$MobBehavior.class
  com/github/crittscott/somebuckets/interaction/NonFluidDispensers$StorageBehavior.class
  com/github/crittscott/somebuckets/interaction/NonFluidDispensers$Target.class
  com/github/crittscott/somebuckets/interaction/NonFluidDispensers.class
  com/github/crittscott/somebuckets/interaction/Transfers$BlockTransferResult.class
  com/github/crittscott/somebuckets/interaction/Transfers.class
  com/github/crittscott/somebuckets/item/
  com/github/crittscott/somebuckets/item/BBItem$1.class
  com/github/crittscott/somebuckets/item/BBItem.class
  com/github/crittscott/somebuckets/item/FluidBucketItem$1.class
  com/github/crittscott/somebuckets/item/FluidBucketItem.class
  com/github/crittscott/somebuckets/item/ForgeBBItem.class
  com/github/crittscott/somebuckets/item/ForgeJBItem.class
  com/github/crittscott/somebuckets/item/ForgeSBItem.class
  com/github/crittscott/somebuckets/item/ForgeTBItem.class
  com/github/crittscott/somebuckets/item/ItemBars.class
  com/github/crittscott/somebuckets/item/JBItem.class
  com/github/crittscott/somebuckets/item/MBItem.class
  com/github/crittscott/somebuckets/item/SBItem.class
  com/github/crittscott/somebuckets/item/TBItem$StorageResult.class
  com/github/crittscott/somebuckets/item/TBItem.class
  com/github/crittscott/somebuckets/platform/
  com/github/crittscott/somebuckets/platform/BucketOperations$Holder.class
  com/github/crittscott/somebuckets/platform/BucketOperations.class
  com/github/crittscott/somebuckets/platform/ForgeBucketOperations.class
  com/github/crittscott/somebuckets/protection/
  com/github/crittscott/somebuckets/protection/AutomationPlayers.class
  com/github/crittscott/somebuckets/protection/ClaimProtectionProvider.class
  com/github/crittscott/somebuckets/protection/ClaimProtections$Registration.class
  com/github/crittscott/somebuckets/protection/ClaimProtections.class
  com/github/crittscott/somebuckets/protection/DispenserFakePlayer.class
  com/github/crittscott/somebuckets/protection/ForgeBucketEvents.class
  com/github/crittscott/somebuckets/protection/ProtectionAction.class
  com/github/crittscott/somebuckets/protection/ProtectionContext.class
  com/github/crittscott/somebuckets/protection/Protections.class
  com/github/crittscott/somebuckets/register/
  com/github/crittscott/somebuckets/register/ModCreativeTabs.class
  com/github/crittscott/somebuckets/register/ModItems.class
  com/github/crittscott/somebuckets/register/ModSounds.class
  com/github/crittscott/somebuckets/util/
  com/github/crittscott/somebuckets/util/ForgeFluidStacks.class
  com/github/crittscott/somebuckets/util/NBTUtil$1.class
  com/github/crittscott/somebuckets/util/NBTUtil$Mode.class
  com/github/crittscott/somebuckets/util/NBTUtil.class
  com/github/crittscott/somebuckets/util/StoredFluid.class
  data/
  data/somebuckets/
  data/somebuckets/recipes/
  data/somebuckets/recipes/big_bucket_64.json
  data/somebuckets/recipes/big_bucket_8.json
  data/somebuckets/recipes/junk_bucket.json
  data/somebuckets/recipes/mob_bucket.json
  data/somebuckets/recipes/source_bucket.json
  data/somebuckets/recipes/trash_bucket.json
  data/somebuckets/tags/
  data/somebuckets/tags/entity_types/
  data/somebuckets/tags/entity_types/mb_blacklist.json
  pack.mcmeta
